/gpfs/home/unalg01/jepa/evals/video_classification_frozen/eval.py:535: FutureWarning: You are using `torch.load` with `weights_only=False` (the current default value), which uses the default pickle module implicitly. It is possible to construct malicious pickle data which will execute arbitrary code during unpickling (See https://github.com/pytorch/pytorch/blob/main/SECURITY.md#untrusted-models for more details). In a future release, the default value for `weights_only` will be flipped to `True`. This limits the functions that could be executed during unpickling. Arbitrary objects will no longer be allowed to be loaded via this mode unless they are explicitly allowlisted by the user via `torch.serialization.add_safe_globals`. We recommend you start setting `weights_only=True` for any use case where you don't have full control of the loaded file. Please open an issue on GitHub for any issues related to this experimental feature.
  checkpoint = torch.load(pretrained, map_location='cpu')
submitit ERROR (2024-11-24 16:15:31,587) - Submitted job triggered an exception
[rank1]: Traceback (most recent call last):
[rank1]:   File "/gpfs/home/unalg01/miniconda3/envs/gozdessl/lib/python3.9/runpy.py", line 197, in _run_module_as_main
[rank1]:     return _run_code(code, main_globals, None,
[rank1]:   File "/gpfs/home/unalg01/miniconda3/envs/gozdessl/lib/python3.9/runpy.py", line 87, in _run_code
[rank1]:     exec(code, run_globals)
[rank1]:   File "/gpfs/home/unalg01/miniconda3/envs/gozdessl/lib/python3.9/site-packages/submitit-1.5.2-py3.9.egg/submitit/core/_submit.py", line 11, in <module>
[rank1]:     submitit_main()
[rank1]:   File "/gpfs/home/unalg01/miniconda3/envs/gozdessl/lib/python3.9/site-packages/submitit-1.5.2-py3.9.egg/submitit/core/submission.py", line 76, in submitit_main
[rank1]:     process_job(args.folder)
[rank1]:   File "/gpfs/home/unalg01/miniconda3/envs/gozdessl/lib/python3.9/site-packages/submitit-1.5.2-py3.9.egg/submitit/core/submission.py", line 69, in process_job
[rank1]:     raise error
[rank1]:   File "/gpfs/home/unalg01/miniconda3/envs/gozdessl/lib/python3.9/site-packages/submitit-1.5.2-py3.9.egg/submitit/core/submission.py", line 55, in process_job
[rank1]:     result = delayed.result()
[rank1]:   File "/gpfs/home/unalg01/miniconda3/envs/gozdessl/lib/python3.9/site-packages/submitit-1.5.2-py3.9.egg/submitit/core/utils.py", line 137, in result
[rank1]:     self._result = self.function(*self.args, **self.kwargs)
[rank1]:   File "/gpfs/home/unalg01/jepa/evals/main_distributed.py", line 67, in __call__
[rank1]:     eval_main(
[rank1]:   File "/gpfs/home/unalg01/jepa/evals/scaffold.py", line 23, in main
[rank1]:     return importlib.import_module(f'evals.{eval_name}.eval').main(
[rank1]:   File "/gpfs/home/unalg01/jepa/evals/video_classification_frozen/eval.py", line 204, in main
[rank1]:     encoder = init_model(
[rank1]:   File "/gpfs/home/unalg01/jepa/evals/video_classification_frozen/eval.py", line 642, in init_model
[rank1]:     encoder = load_pretrained(encoder=encoder, pretrained=pretrained, checkpoint_key=checkpoint_key)
[rank1]:   File "/gpfs/home/unalg01/jepa/evals/video_classification_frozen/eval.py", line 535, in load_pretrained
[rank1]:     checkpoint = torch.load(pretrained, map_location='cpu')
[rank1]:   File "/gpfs/home/unalg01/miniconda3/envs/gozdessl/lib/python3.9/site-packages/torch/serialization.py", line 1326, in load
[rank1]:     with _open_zipfile_reader(opened_file) as opened_zipfile:
[rank1]:   File "/gpfs/home/unalg01/miniconda3/envs/gozdessl/lib/python3.9/site-packages/torch/serialization.py", line 671, in __init__
[rank1]:     super().__init__(torch._C.PyTorchFileReader(name_or_buffer))
[rank1]: RuntimeError: PytorchStreamReader failed reading zip archive: failed finding central directory
[rank1]:[W1124 16:15:31.887991405 ProcessGroupNCCL.cpp:1250] Warning: WARNING: process group has NOT been destroyed before we destruct ProcessGroupNCCL. On normal program exit, the application should call destroy_process_group to ensure that any pending NCCL operations have finished in this process. In rare cases this process can exit before this point and block the progress of another member of the process group. This constraint has always been present,  but this warning has only been added since PyTorch 2.4 (function operator())
