/gpfs/home/unalg01/jepa/evals/video_classification_frozen/eval.py:535: FutureWarning: You are using `torch.load` with `weights_only=False` (the current default value), which uses the default pickle module implicitly. It is possible to construct malicious pickle data which will execute arbitrary code during unpickling (See https://github.com/pytorch/pytorch/blob/main/SECURITY.md#untrusted-models for more details). In a future release, the default value for `weights_only` will be flipped to `True`. This limits the functions that could be executed during unpickling. Arbitrary objects will no longer be allowed to be loaded via this mode unless they are explicitly allowlisted by the user via `torch.serialization.add_safe_globals`. We recommend you start setting `weights_only=True` for any use case where you don't have full control of the loaded file. Please open an issue on GitHub for any issues related to this experimental feature.
  checkpoint = torch.load(pretrained, map_location='cpu')
/gpfs/home/unalg01/jepa/evals/video_classification_frozen/eval.py:684: FutureWarning: `torch.cuda.amp.GradScaler(args...)` is deprecated. Please use `torch.amp.GradScaler('cuda', args...)` instead.
  scaler = torch.cuda.amp.GradScaler() if use_bfloat16 else None
/gpfs/home/unalg01/jepa/evals/video_classification_frozen/eval.py:421: FutureWarning: `torch.cuda.amp.autocast(args...)` is deprecated. Please use `torch.amp.autocast('cuda', args...)` instead.
  with torch.cuda.amp.autocast(dtype=torch.float16, enabled=use_bfloat16):
/gpfs/home/unalg01/miniconda3/envs/gozdessl/lib/python3.9/contextlib.py:87: FutureWarning: `torch.backends.cuda.sdp_kernel()` is deprecated. In the future, this context manager will be removed. Please see `torch.nn.attention.sdpa_kernel()` for the new context manager, with updated signature.
  self.gen = func(*args, **kwds)
submitit ERROR (2024-11-24 16:31:00,629) - Submitted job triggered an exception
[rank0]: Traceback (most recent call last):
[rank0]:   File "/gpfs/home/unalg01/miniconda3/envs/gozdessl/lib/python3.9/runpy.py", line 197, in _run_module_as_main
[rank0]:     return _run_code(code, main_globals, None,
[rank0]:   File "/gpfs/home/unalg01/miniconda3/envs/gozdessl/lib/python3.9/runpy.py", line 87, in _run_code
[rank0]:     exec(code, run_globals)
[rank0]:   File "/gpfs/home/unalg01/miniconda3/envs/gozdessl/lib/python3.9/site-packages/submitit-1.5.2-py3.9.egg/submitit/core/_submit.py", line 11, in <module>
[rank0]:     submitit_main()
[rank0]:   File "/gpfs/home/unalg01/miniconda3/envs/gozdessl/lib/python3.9/site-packages/submitit-1.5.2-py3.9.egg/submitit/core/submission.py", line 76, in submitit_main
[rank0]:     process_job(args.folder)
[rank0]:   File "/gpfs/home/unalg01/miniconda3/envs/gozdessl/lib/python3.9/site-packages/submitit-1.5.2-py3.9.egg/submitit/core/submission.py", line 69, in process_job
[rank0]:     raise error
[rank0]:   File "/gpfs/home/unalg01/miniconda3/envs/gozdessl/lib/python3.9/site-packages/submitit-1.5.2-py3.9.egg/submitit/core/submission.py", line 55, in process_job
[rank0]:     result = delayed.result()
[rank0]:   File "/gpfs/home/unalg01/miniconda3/envs/gozdessl/lib/python3.9/site-packages/submitit-1.5.2-py3.9.egg/submitit/core/utils.py", line 137, in result
[rank0]:     self._result = self.function(*self.args, **self.kwargs)
[rank0]:   File "/gpfs/home/unalg01/jepa/evals/main_distributed.py", line 67, in __call__
[rank0]:     eval_main(
[rank0]:   File "/gpfs/home/unalg01/jepa/evals/scaffold.py", line 23, in main
[rank0]:     return importlib.import_module(f'evals.{eval_name}.eval').main(
[rank0]:   File "/gpfs/home/unalg01/jepa/evals/video_classification_frozen/eval.py", line 345, in main
[rank0]:     val_acc, val_loss = run_one_epoch(
[rank0]:   File "/gpfs/home/unalg01/jepa/evals/video_classification_frozen/eval.py", line 415, in run_one_epoch
[rank0]:     for itr, data in enumerate(data_loader):
[rank0]:   File "/gpfs/home/unalg01/miniconda3/envs/gozdessl/lib/python3.9/site-packages/torch/utils/data/dataloader.py", line 701, in __next__
[rank0]:     data = self._next_data()
[rank0]:   File "/gpfs/home/unalg01/miniconda3/envs/gozdessl/lib/python3.9/site-packages/torch/utils/data/dataloader.py", line 1465, in _next_data
[rank0]:     return self._process_data(data)
[rank0]:   File "/gpfs/home/unalg01/miniconda3/envs/gozdessl/lib/python3.9/site-packages/torch/utils/data/dataloader.py", line 1491, in _process_data
[rank0]:     data.reraise()
[rank0]:   File "/gpfs/home/unalg01/miniconda3/envs/gozdessl/lib/python3.9/site-packages/torch/_utils.py", line 715, in reraise
[rank0]:     raise exception
[rank0]: AssertionError: Caught AssertionError in DataLoader worker process 0.
[rank0]: Original Traceback (most recent call last):
[rank0]:   File "/gpfs/home/unalg01/miniconda3/envs/gozdessl/lib/python3.9/site-packages/torch/utils/data/_utils/worker.py", line 351, in _worker_loop
[rank0]:     data = fetcher.fetch(index)  # type: ignore[possibly-undefined]
[rank0]:   File "/gpfs/home/unalg01/miniconda3/envs/gozdessl/lib/python3.9/site-packages/torch/utils/data/_utils/fetch.py", line 52, in fetch
[rank0]:     data = [self.dataset[idx] for idx in possibly_batched_index]
[rank0]:   File "/gpfs/home/unalg01/miniconda3/envs/gozdessl/lib/python3.9/site-packages/torch/utils/data/_utils/fetch.py", line 52, in <listcomp>
[rank0]:     data = [self.dataset[idx] for idx in possibly_batched_index]
[rank0]:   File "/gpfs/home/unalg01/jepa/src/datasets/mri_dataset.py", line 187, in __getitem__
[rank0]:     buffer = [self.transform(clip) for clip in buffer]
[rank0]:   File "/gpfs/home/unalg01/jepa/src/datasets/mri_dataset.py", line 187, in <listcomp>
[rank0]:     buffer = [self.transform(clip) for clip in buffer]
[rank0]:   File "/gpfs/home/unalg01/jepa/evals/video_classification_frozen/utils.py", line 326, in __call__
[rank0]:     view = self.to_tensor(buffer)
[rank0]:   File "/gpfs/home/unalg01/jepa/src/datasets/utils/video/transforms.py", line 842, in __call__
[rank0]:     clip = t(clip)
[rank0]:   File "/gpfs/home/unalg01/jepa/src/datasets/utils/video/volume_transforms.py", line 41, in __call__
[rank0]:     assert ch == self.channel_nb, "Got {0} instead of 3 channels".format(ch)
[rank0]: AssertionError: Got 1 instead of 3 channels

[rank0]:[W1124 16:31:11.181330674 ProcessGroupNCCL.cpp:1250] Warning: WARNING: process group has NOT been destroyed before we destruct ProcessGroupNCCL. On normal program exit, the application should call destroy_process_group to ensure that any pending NCCL operations have finished in this process. In rare cases this process can exit before this point and block the progress of another member of the process group. This constraint has always been present,  but this warning has only been added since PyTorch 2.4 (function operator())
srun: error: a100-4026: task 0: Exited with exit code 1
srun: error: a100-4026: task 3: Exited with exit code 1
srun: error: a100-4026: task 1: Exited with exit code 1
srun: error: a100-4026: task 2: Exited with exit code 1
