wandb: Using wandb-core as the SDK backend.  Please refer to https://wandb.me/wandb-core for more information.
wandb: Currently logged in as: gozde-unal1 (ituvisionlab). Use `wandb login --relogin` to force relogin
wandb: Tracking run with wandb version 0.19.0
wandb: Run data is saved locally in /gpfs/data/sodicksonlab/gozde/logs/mjepa_pretrain_distributed_2024_12_13__07_55_16/wandb/run-20241213_075553-hivf7alg
wandb: Run `wandb offline` to turn off syncing.
wandb: Resuming run mjepa_pretrain_distributed_2024_12_13__07_55_16
wandb: ⭐️ View project at https://wandb.ai/ituvisionlab/mjepa-project
wandb: 🚀 View run at https://wandb.ai/ituvisionlab/mjepa-project/runs/hivf7alg
/gpfs/home/unalg01/jepa/app/vjepa/utils.py:213: FutureWarning: `torch.cuda.amp.GradScaler(args...)` is deprecated. Please use `torch.amp.GradScaler('cuda', args...)` instead.
  scaler = torch.cuda.amp.GradScaler() if mixed_precision else None
/gpfs/home/unalg01/jepa/app/vjepa/utils.py:39: FutureWarning: You are using `torch.load` with `weights_only=False` (the current default value), which uses the default pickle module implicitly. It is possible to construct malicious pickle data which will execute arbitrary code during unpickling (See https://github.com/pytorch/pytorch/blob/main/SECURITY.md#untrusted-models for more details). In a future release, the default value for `weights_only` will be flipped to `True`. This limits the functions that could be executed during unpickling. Arbitrary objects will no longer be allowed to be loaded via this mode unless they are explicitly allowlisted by the user via `torch.serialization.add_safe_globals`. We recommend you start setting `weights_only=True` for any use case where you don't have full control of the loaded file. Please open an issue on GitHub for any issues related to this experimental feature.
  checkpoint = torch.load(r_path, map_location=torch.device('cpu'))
submitit ERROR (2024-12-13 07:56:06,978) - Submitted job triggered an exception
Traceback (most recent call last):
  File "/gpfs/home/unalg01/miniconda3/envs/gozdessl/lib/python3.9/runpy.py", line 197, in _run_module_as_main
    return _run_code(code, main_globals, None,
  File "/gpfs/home/unalg01/miniconda3/envs/gozdessl/lib/python3.9/runpy.py", line 87, in _run_code
    exec(code, run_globals)
  File "/gpfs/home/unalg01/miniconda3/envs/gozdessl/lib/python3.9/site-packages/submitit-1.5.2-py3.9.egg/submitit/core/_submit.py", line 11, in <module>
    submitit_main()
  File "/gpfs/home/unalg01/miniconda3/envs/gozdessl/lib/python3.9/site-packages/submitit-1.5.2-py3.9.egg/submitit/core/submission.py", line 76, in submitit_main
    process_job(args.folder)
  File "/gpfs/home/unalg01/miniconda3/envs/gozdessl/lib/python3.9/site-packages/submitit-1.5.2-py3.9.egg/submitit/core/submission.py", line 69, in process_job
    raise error
  File "/gpfs/home/unalg01/miniconda3/envs/gozdessl/lib/python3.9/site-packages/submitit-1.5.2-py3.9.egg/submitit/core/submission.py", line 55, in process_job
    result = delayed.result()
  File "/gpfs/home/unalg01/miniconda3/envs/gozdessl/lib/python3.9/site-packages/submitit-1.5.2-py3.9.egg/submitit/core/utils.py", line 137, in result
    self._result = self.function(*self.args, **self.kwargs)
  File "/gpfs/home/unalg01/jepa/app/main_distributed.py", line 115, in __call__
    raise e  # Re-raise the exception to ensure the job fails appropriately
  File "/gpfs/home/unalg01/jepa/app/main_distributed.py", line 111, in __call__
    app_main(app, args=params, resume_preempt=resume_preempt, log_dir=self.log_dir)
  File "/gpfs/home/unalg01/jepa/app/scaffold.py", line 19, in main
    return importlib.import_module(f'app.{app}.train').main(
  File "/gpfs/home/unalg01/jepa/app/vjepa/train.py", line 433, in main
    mask_collator.step()
AttributeError: 'MaskCollator' object has no attribute 'step'
[rank0]: Traceback (most recent call last):
[rank0]:   File "/gpfs/home/unalg01/miniconda3/envs/gozdessl/lib/python3.9/runpy.py", line 197, in _run_module_as_main
[rank0]:     return _run_code(code, main_globals, None,
[rank0]:   File "/gpfs/home/unalg01/miniconda3/envs/gozdessl/lib/python3.9/runpy.py", line 87, in _run_code
[rank0]:     exec(code, run_globals)
[rank0]:   File "/gpfs/home/unalg01/miniconda3/envs/gozdessl/lib/python3.9/site-packages/submitit-1.5.2-py3.9.egg/submitit/core/_submit.py", line 11, in <module>
[rank0]:     submitit_main()
[rank0]:   File "/gpfs/home/unalg01/miniconda3/envs/gozdessl/lib/python3.9/site-packages/submitit-1.5.2-py3.9.egg/submitit/core/submission.py", line 76, in submitit_main
[rank0]:     process_job(args.folder)
[rank0]:   File "/gpfs/home/unalg01/miniconda3/envs/gozdessl/lib/python3.9/site-packages/submitit-1.5.2-py3.9.egg/submitit/core/submission.py", line 69, in process_job
[rank0]:     raise error
[rank0]:   File "/gpfs/home/unalg01/miniconda3/envs/gozdessl/lib/python3.9/site-packages/submitit-1.5.2-py3.9.egg/submitit/core/submission.py", line 55, in process_job
[rank0]:     result = delayed.result()
[rank0]:   File "/gpfs/home/unalg01/miniconda3/envs/gozdessl/lib/python3.9/site-packages/submitit-1.5.2-py3.9.egg/submitit/core/utils.py", line 137, in result
[rank0]:     self._result = self.function(*self.args, **self.kwargs)
[rank0]:   File "/gpfs/home/unalg01/jepa/app/main_distributed.py", line 115, in __call__
[rank0]:     raise e  # Re-raise the exception to ensure the job fails appropriately
[rank0]:   File "/gpfs/home/unalg01/jepa/app/main_distributed.py", line 111, in __call__
[rank0]:     app_main(app, args=params, resume_preempt=resume_preempt, log_dir=self.log_dir)
[rank0]:   File "/gpfs/home/unalg01/jepa/app/scaffold.py", line 19, in main
[rank0]:     return importlib.import_module(f'app.{app}.train').main(
[rank0]:   File "/gpfs/home/unalg01/jepa/app/vjepa/train.py", line 433, in main
[rank0]:     mask_collator.step()
[rank0]: AttributeError: 'MaskCollator' object has no attribute 'step'
srun: error: a100-4027: task 1: Exited with exit code 1
srun: error: a100-4027: task 3: Exited with exit code 1
srun: error: a100-4027: task 2: Exited with exit code 1
srun: error: a100-4027: task 0: Exited with exit code 1
